// Jest Snapshot v1, https://goo.gl/fbAQLP

exports[`renders correctly 1`] = `
<View
  className="sc-AxjAm bvfVxZ"
>
  <ActivityIndicator
    animating={true}
    color="red"
    hidesWhenStopped={true}
    size="large"
  />
</View>
`;
